root-default--99999999-root-root
root-system-4--100000-root-root
nginx-system--10010-nginx-nginx
root-system--10000-root-root
root-system--9998-root-root
root-system--9997-root-root
nginx-system--9996-nginx-nginx
nginx-system--9995-nginx-nginx
root-context-0-root-root
nginx-user-10-nginx-nginx
root-default-1000-root-root
root-default-1000-root-root
nginx-user-10000-nginx-nginx
nginx-val-jean-24591-nginx-nginx
root-val-jean-24597-root-root
root-val-jean-24600-root-root
root-val-jean-24601-root-root
root-val-jean-24602-root-root
root-val-jean-24603-root-root
root-val-jean-24604-root-root
nginx-val-jean-24605-nginx-nginx
root-val-jean-24606-root-root
nginx-val-jean-24606-nginx-nginx
root-val-jean-24701-root-root
